// Jest Snapshot v1, https://goo.gl/fbAQLP

exports[`<Content /> should render without crashing 1`] = `
ShallowWrapper {
  Symbol(enzyme.__root__): [Circular],
  Symbol(enzyme.__unrendered__): <Content />,
  Symbol(enzyme.__renderer__): Object {
    "batchedUpdates": [Function],
    "getNode": [Function],
    "render": [Function],
    "simulateError": [Function],
    "simulateEvent": [Function],
    "unmount": [Function],
  },
  Symbol(enzyme.__node__): Object {
    "instance": null,
    "key": undefined,
    "nodeType": "host",
    "props": Object {
      "children": <div
        className="jumbotron"
      >
        <Switch>
          <Route
            component={[Function]}
            exact={true}
            path="/login"
          />
          <Route
            component={[Function]}
            exact={true}
            path="/register"
          />
          <Route
            component={[Function]}
            exact={true}
            path="/create"
          />
          <Route
            component={[Function]}
            exact={true}
            path="/questions"
          />
          <Route
            component={[Function]}
            exact={true}
            path="/"
          />
          <Route
            component={[Function]}
            path="/question/:id"
          />
        </Switch>
      </div>,
    },
    "ref": null,
    "rendered": Object {
      "instance": null,
      "key": undefined,
      "nodeType": "host",
      "props": Object {
        "children": <Switch>
          <Route
            component={[Function]}
            exact={true}
            path="/login"
          />
          <Route
            component={[Function]}
            exact={true}
            path="/register"
          />
          <Route
            component={[Function]}
            exact={true}
            path="/create"
          />
          <Route
            component={[Function]}
            exact={true}
            path="/questions"
          />
          <Route
            component={[Function]}
            exact={true}
            path="/"
          />
          <Route
            component={[Function]}
            path="/question/:id"
          />
        </Switch>,
        "className": "jumbotron",
      },
      "ref": null,
      "rendered": Object {
        "instance": null,
        "key": undefined,
        "nodeType": "class",
        "props": Object {
          "children": Array [
            <Route
              component={[Function]}
              exact={true}
              path="/login"
            />,
            <Route
              component={[Function]}
              exact={true}
              path="/register"
            />,
            <Route
              component={[Function]}
              exact={true}
              path="/create"
            />,
            <Route
              component={[Function]}
              exact={true}
              path="/questions"
            />,
            <Route
              component={[Function]}
              exact={true}
              path="/"
            />,
            <Route
              component={[Function]}
              path="/question/:id"
            />,
          ],
        },
        "ref": null,
        "rendered": Array [
          Object {
            "instance": null,
            "key": undefined,
            "nodeType": "class",
            "props": Object {
              "component": [Function],
              "exact": true,
              "path": "/login",
            },
            "ref": null,
            "rendered": null,
            "type": [Function],
          },
          Object {
            "instance": null,
            "key": undefined,
            "nodeType": "class",
            "props": Object {
              "component": [Function],
              "exact": true,
              "path": "/register",
            },
            "ref": null,
            "rendered": null,
            "type": [Function],
          },
          Object {
            "instance": null,
            "key": undefined,
            "nodeType": "class",
            "props": Object {
              "component": [Function],
              "exact": true,
              "path": "/create",
            },
            "ref": null,
            "rendered": null,
            "type": [Function],
          },
          Object {
            "instance": null,
            "key": undefined,
            "nodeType": "class",
            "props": Object {
              "component": [Function],
              "exact": true,
              "path": "/questions",
            },
            "ref": null,
            "rendered": null,
            "type": [Function],
          },
          Object {
            "instance": null,
            "key": undefined,
            "nodeType": "class",
            "props": Object {
              "component": [Function],
              "exact": true,
              "path": "/",
            },
            "ref": null,
            "rendered": null,
            "type": [Function],
          },
          Object {
            "instance": null,
            "key": undefined,
            "nodeType": "class",
            "props": Object {
              "component": [Function],
              "path": "/question/:id",
            },
            "ref": null,
            "rendered": null,
            "type": [Function],
          },
        ],
        "type": [Function],
      },
      "type": "div",
    },
    "type": "div",
  },
  Symbol(enzyme.__nodes__): Array [
    Object {
      "instance": null,
      "key": undefined,
      "nodeType": "host",
      "props": Object {
        "children": <div
          className="jumbotron"
        >
          <Switch>
            <Route
              component={[Function]}
              exact={true}
              path="/login"
            />
            <Route
              component={[Function]}
              exact={true}
              path="/register"
            />
            <Route
              component={[Function]}
              exact={true}
              path="/create"
            />
            <Route
              component={[Function]}
              exact={true}
              path="/questions"
            />
            <Route
              component={[Function]}
              exact={true}
              path="/"
            />
            <Route
              component={[Function]}
              path="/question/:id"
            />
          </Switch>
        </div>,
      },
      "ref": null,
      "rendered": Object {
        "instance": null,
        "key": undefined,
        "nodeType": "host",
        "props": Object {
          "children": <Switch>
            <Route
              component={[Function]}
              exact={true}
              path="/login"
            />
            <Route
              component={[Function]}
              exact={true}
              path="/register"
            />
            <Route
              component={[Function]}
              exact={true}
              path="/create"
            />
            <Route
              component={[Function]}
              exact={true}
              path="/questions"
            />
            <Route
              component={[Function]}
              exact={true}
              path="/"
            />
            <Route
              component={[Function]}
              path="/question/:id"
            />
          </Switch>,
          "className": "jumbotron",
        },
        "ref": null,
        "rendered": Object {
          "instance": null,
          "key": undefined,
          "nodeType": "class",
          "props": Object {
            "children": Array [
              <Route
                component={[Function]}
                exact={true}
                path="/login"
              />,
              <Route
                component={[Function]}
                exact={true}
                path="/register"
              />,
              <Route
                component={[Function]}
                exact={true}
                path="/create"
              />,
              <Route
                component={[Function]}
                exact={true}
                path="/questions"
              />,
              <Route
                component={[Function]}
                exact={true}
                path="/"
              />,
              <Route
                component={[Function]}
                path="/question/:id"
              />,
            ],
          },
          "ref": null,
          "rendered": Array [
            Object {
              "instance": null,
              "key": undefined,
              "nodeType": "class",
              "props": Object {
                "component": [Function],
                "exact": true,
                "path": "/login",
              },
              "ref": null,
              "rendered": null,
              "type": [Function],
            },
            Object {
              "instance": null,
              "key": undefined,
              "nodeType": "class",
              "props": Object {
                "component": [Function],
                "exact": true,
                "path": "/register",
              },
              "ref": null,
              "rendered": null,
              "type": [Function],
            },
            Object {
              "instance": null,
              "key": undefined,
              "nodeType": "class",
              "props": Object {
                "component": [Function],
                "exact": true,
                "path": "/create",
              },
              "ref": null,
              "rendered": null,
              "type": [Function],
            },
            Object {
              "instance": null,
              "key": undefined,
              "nodeType": "class",
              "props": Object {
                "component": [Function],
                "exact": true,
                "path": "/questions",
              },
              "ref": null,
              "rendered": null,
              "type": [Function],
            },
            Object {
              "instance": null,
              "key": undefined,
              "nodeType": "class",
              "props": Object {
                "component": [Function],
                "exact": true,
                "path": "/",
              },
              "ref": null,
              "rendered": null,
              "type": [Function],
            },
            Object {
              "instance": null,
              "key": undefined,
              "nodeType": "class",
              "props": Object {
                "component": [Function],
                "path": "/question/:id",
              },
              "ref": null,
              "rendered": null,
              "type": [Function],
            },
          ],
          "type": [Function],
        },
        "type": "div",
      },
      "type": "div",
    },
  ],
  Symbol(enzyme.__options__): Object {
    "adapter": ReactSixteenAdapter {
      "options": Object {
        "enableComponentDidUpdateOnSetState": true,
        "lifecycles": Object {
          "componentDidUpdate": Object {
            "onSetState": true,
          },
          "getDerivedStateFromProps": true,
          "getSnapshotBeforeUpdate": true,
          "setState": Object {
            "skipsComponentDidUpdateOnNullish": true,
          },
        },
      },
    },
  },
}
`;
