// Jest Snapshot v1, https://goo.gl/fbAQLP

exports[`<Content /> should render without crashing 1`] = `
ShallowWrapper {
  Symbol(enzyme.__root__): [Circular],
  Symbol(enzyme.__unrendered__): <Footer />,
  Symbol(enzyme.__renderer__): Object {
    "batchedUpdates": [Function],
    "getNode": [Function],
    "render": [Function],
    "simulateError": [Function],
    "simulateEvent": [Function],
    "unmount": [Function],
  },
  Symbol(enzyme.__node__): Object {
    "instance": null,
    "key": undefined,
    "nodeType": "host",
    "props": Object {
      "children": Array [
        <h4
          className="alert-heading"
        >
          StackOverFlowLite
        </h4>,
        <p>
          © Company 2017-2018
        </p>,
        <p
          className="mb-0"
        >
          Best check yo self, you are not looking too good. Nulla vitae elit libero, a pharetra augue. Praesent commodo cursus magna, 
          <a
            className="alert-link"
            href="#"
          >
            vel scelerisque nisl consectetur et
          </a>
        </p>,
      ],
      "className": "alert alert-dismissible alert-primary",
    },
    "ref": null,
    "rendered": Array [
      Object {
        "instance": null,
        "key": undefined,
        "nodeType": "host",
        "props": Object {
          "children": "StackOverFlowLite",
          "className": "alert-heading",
        },
        "ref": null,
        "rendered": "StackOverFlowLite",
        "type": "h4",
      },
      Object {
        "instance": null,
        "key": undefined,
        "nodeType": "host",
        "props": Object {
          "children": "© Company 2017-2018",
        },
        "ref": null,
        "rendered": "© Company 2017-2018",
        "type": "p",
      },
      Object {
        "instance": null,
        "key": undefined,
        "nodeType": "host",
        "props": Object {
          "children": Array [
            "Best check yo self, you are not looking too good. Nulla vitae elit libero, a pharetra augue. Praesent commodo cursus magna, ",
            <a
              className="alert-link"
              href="#"
            >
              vel scelerisque nisl consectetur et
            </a>,
          ],
          "className": "mb-0",
        },
        "ref": null,
        "rendered": Array [
          "Best check yo self, you are not looking too good. Nulla vitae elit libero, a pharetra augue. Praesent commodo cursus magna, ",
          Object {
            "instance": null,
            "key": undefined,
            "nodeType": "host",
            "props": Object {
              "children": "vel scelerisque nisl consectetur et",
              "className": "alert-link",
              "href": "#",
            },
            "ref": null,
            "rendered": "vel scelerisque nisl consectetur et",
            "type": "a",
          },
        ],
        "type": "p",
      },
    ],
    "type": "div",
  },
  Symbol(enzyme.__nodes__): Array [
    Object {
      "instance": null,
      "key": undefined,
      "nodeType": "host",
      "props": Object {
        "children": Array [
          <h4
            className="alert-heading"
          >
            StackOverFlowLite
          </h4>,
          <p>
            © Company 2017-2018
          </p>,
          <p
            className="mb-0"
          >
            Best check yo self, you are not looking too good. Nulla vitae elit libero, a pharetra augue. Praesent commodo cursus magna, 
            <a
              className="alert-link"
              href="#"
            >
              vel scelerisque nisl consectetur et
            </a>
          </p>,
        ],
        "className": "alert alert-dismissible alert-primary",
      },
      "ref": null,
      "rendered": Array [
        Object {
          "instance": null,
          "key": undefined,
          "nodeType": "host",
          "props": Object {
            "children": "StackOverFlowLite",
            "className": "alert-heading",
          },
          "ref": null,
          "rendered": "StackOverFlowLite",
          "type": "h4",
        },
        Object {
          "instance": null,
          "key": undefined,
          "nodeType": "host",
          "props": Object {
            "children": "© Company 2017-2018",
          },
          "ref": null,
          "rendered": "© Company 2017-2018",
          "type": "p",
        },
        Object {
          "instance": null,
          "key": undefined,
          "nodeType": "host",
          "props": Object {
            "children": Array [
              "Best check yo self, you are not looking too good. Nulla vitae elit libero, a pharetra augue. Praesent commodo cursus magna, ",
              <a
                className="alert-link"
                href="#"
              >
                vel scelerisque nisl consectetur et
              </a>,
            ],
            "className": "mb-0",
          },
          "ref": null,
          "rendered": Array [
            "Best check yo self, you are not looking too good. Nulla vitae elit libero, a pharetra augue. Praesent commodo cursus magna, ",
            Object {
              "instance": null,
              "key": undefined,
              "nodeType": "host",
              "props": Object {
                "children": "vel scelerisque nisl consectetur et",
                "className": "alert-link",
                "href": "#",
              },
              "ref": null,
              "rendered": "vel scelerisque nisl consectetur et",
              "type": "a",
            },
          ],
          "type": "p",
        },
      ],
      "type": "div",
    },
  ],
  Symbol(enzyme.__options__): Object {
    "adapter": ReactSixteenAdapter {
      "options": Object {
        "enableComponentDidUpdateOnSetState": true,
        "lifecycles": Object {
          "componentDidUpdate": Object {
            "onSetState": true,
          },
          "getDerivedStateFromProps": true,
          "getSnapshotBeforeUpdate": true,
          "setState": Object {
            "skipsComponentDidUpdateOnNullish": true,
          },
        },
      },
    },
  },
}
`;
