// Jest Snapshot v1, https://goo.gl/fbAQLP

exports[`<Content /> should render without crashing 1`] = `
ShallowWrapper {
  Symbol(enzyme.__root__): [Circular],
  Symbol(enzyme.__unrendered__): <Header
    logOut={[MockFunction]}
    store={
      Object {
        "clearActions": [Function],
        "dispatch": [Function],
        "getActions": [Function],
        "getState": [Function],
        "replaceReducer": [Function],
        "subscribe": [Function],
      }
    }
  />,
  Symbol(enzyme.__renderer__): Object {
    "batchedUpdates": [Function],
    "getNode": [Function],
    "render": [Function],
    "simulateError": [Function],
    "simulateEvent": [Function],
    "unmount": [Function],
  },
  Symbol(enzyme.__node__): Object {
    "instance": null,
    "key": undefined,
    "nodeType": "host",
    "props": Object {
      "children": Array [
        <a
          className="navbar-brand"
          href="/"
        >
          StackOverFlowLite
        </a>,
        <button
          aria-controls="navbarColor01"
          aria-expanded="false"
          aria-label="Toggle navigation"
          className="navbar-toggler"
          data-target="#navbarColor01"
          data-toggle="collapse"
          type="button"
        >
          <span
            className="navbar-toggler-icon"
          />
        </button>,
        <div
          className="collapse navbar-collapse"
          id="navbarColor01"
        >
          <ul
            className="navbar-nav ml-auto"
          >
            <li
              className="nav-item"
            >
              <Link
                className="nav-link"
                replace={false}
                to="/login"
              >
                Login
              </Link>
            </li>
            <li
              className="nav-item"
            >
              <Link
                className="nav-link"
                replace={false}
                to="/register"
              >
                Register
              </Link>
            </li>
          </ul>
        </div>,
      ],
      "className": "navbar navbar-expand-lg navbar-dark bg-primary",
    },
    "ref": null,
    "rendered": Array [
      Object {
        "instance": null,
        "key": undefined,
        "nodeType": "host",
        "props": Object {
          "children": "StackOverFlowLite",
          "className": "navbar-brand",
          "href": "/",
        },
        "ref": null,
        "rendered": "StackOverFlowLite",
        "type": "a",
      },
      Object {
        "instance": null,
        "key": undefined,
        "nodeType": "host",
        "props": Object {
          "aria-controls": "navbarColor01",
          "aria-expanded": "false",
          "aria-label": "Toggle navigation",
          "children": <span
            className="navbar-toggler-icon"
          />,
          "className": "navbar-toggler",
          "data-target": "#navbarColor01",
          "data-toggle": "collapse",
          "type": "button",
        },
        "ref": null,
        "rendered": Object {
          "instance": null,
          "key": undefined,
          "nodeType": "host",
          "props": Object {
            "className": "navbar-toggler-icon",
          },
          "ref": null,
          "rendered": null,
          "type": "span",
        },
        "type": "button",
      },
      Object {
        "instance": null,
        "key": undefined,
        "nodeType": "host",
        "props": Object {
          "children": <ul
            className="navbar-nav ml-auto"
          >
            <li
              className="nav-item"
            >
              <Link
                className="nav-link"
                replace={false}
                to="/login"
              >
                Login
              </Link>
            </li>
            <li
              className="nav-item"
            >
              <Link
                className="nav-link"
                replace={false}
                to="/register"
              >
                Register
              </Link>
            </li>
          </ul>,
          "className": "collapse navbar-collapse",
          "id": "navbarColor01",
        },
        "ref": null,
        "rendered": Object {
          "instance": null,
          "key": undefined,
          "nodeType": "host",
          "props": Object {
            "children": Array [
              <li
                className="nav-item"
              >
                <Link
                  className="nav-link"
                  replace={false}
                  to="/login"
                >
                  Login
                </Link>
              </li>,
              <li
                className="nav-item"
              >
                <Link
                  className="nav-link"
                  replace={false}
                  to="/register"
                >
                  Register
                </Link>
              </li>,
            ],
            "className": "navbar-nav ml-auto",
          },
          "ref": null,
          "rendered": Array [
            Object {
              "instance": null,
              "key": undefined,
              "nodeType": "host",
              "props": Object {
                "children": <Link
                  className="nav-link"
                  replace={false}
                  to="/login"
                >
                  Login
                </Link>,
                "className": "nav-item",
              },
              "ref": null,
              "rendered": Object {
                "instance": null,
                "key": undefined,
                "nodeType": "class",
                "props": Object {
                  "children": "Login",
                  "className": "nav-link",
                  "replace": false,
                  "to": "/login",
                },
                "ref": null,
                "rendered": "Login",
                "type": [Function],
              },
              "type": "li",
            },
            Object {
              "instance": null,
              "key": undefined,
              "nodeType": "host",
              "props": Object {
                "children": <Link
                  className="nav-link"
                  replace={false}
                  to="/register"
                >
                  Register
                </Link>,
                "className": "nav-item",
              },
              "ref": null,
              "rendered": Object {
                "instance": null,
                "key": undefined,
                "nodeType": "class",
                "props": Object {
                  "children": "Register",
                  "className": "nav-link",
                  "replace": false,
                  "to": "/register",
                },
                "ref": null,
                "rendered": "Register",
                "type": [Function],
              },
              "type": "li",
            },
          ],
          "type": "ul",
        },
        "type": "div",
      },
    ],
    "type": "nav",
  },
  Symbol(enzyme.__nodes__): Array [
    Object {
      "instance": null,
      "key": undefined,
      "nodeType": "host",
      "props": Object {
        "children": Array [
          <a
            className="navbar-brand"
            href="/"
          >
            StackOverFlowLite
          </a>,
          <button
            aria-controls="navbarColor01"
            aria-expanded="false"
            aria-label="Toggle navigation"
            className="navbar-toggler"
            data-target="#navbarColor01"
            data-toggle="collapse"
            type="button"
          >
            <span
              className="navbar-toggler-icon"
            />
          </button>,
          <div
            className="collapse navbar-collapse"
            id="navbarColor01"
          >
            <ul
              className="navbar-nav ml-auto"
            >
              <li
                className="nav-item"
              >
                <Link
                  className="nav-link"
                  replace={false}
                  to="/login"
                >
                  Login
                </Link>
              </li>
              <li
                className="nav-item"
              >
                <Link
                  className="nav-link"
                  replace={false}
                  to="/register"
                >
                  Register
                </Link>
              </li>
            </ul>
          </div>,
        ],
        "className": "navbar navbar-expand-lg navbar-dark bg-primary",
      },
      "ref": null,
      "rendered": Array [
        Object {
          "instance": null,
          "key": undefined,
          "nodeType": "host",
          "props": Object {
            "children": "StackOverFlowLite",
            "className": "navbar-brand",
            "href": "/",
          },
          "ref": null,
          "rendered": "StackOverFlowLite",
          "type": "a",
        },
        Object {
          "instance": null,
          "key": undefined,
          "nodeType": "host",
          "props": Object {
            "aria-controls": "navbarColor01",
            "aria-expanded": "false",
            "aria-label": "Toggle navigation",
            "children": <span
              className="navbar-toggler-icon"
            />,
            "className": "navbar-toggler",
            "data-target": "#navbarColor01",
            "data-toggle": "collapse",
            "type": "button",
          },
          "ref": null,
          "rendered": Object {
            "instance": null,
            "key": undefined,
            "nodeType": "host",
            "props": Object {
              "className": "navbar-toggler-icon",
            },
            "ref": null,
            "rendered": null,
            "type": "span",
          },
          "type": "button",
        },
        Object {
          "instance": null,
          "key": undefined,
          "nodeType": "host",
          "props": Object {
            "children": <ul
              className="navbar-nav ml-auto"
            >
              <li
                className="nav-item"
              >
                <Link
                  className="nav-link"
                  replace={false}
                  to="/login"
                >
                  Login
                </Link>
              </li>
              <li
                className="nav-item"
              >
                <Link
                  className="nav-link"
                  replace={false}
                  to="/register"
                >
                  Register
                </Link>
              </li>
            </ul>,
            "className": "collapse navbar-collapse",
            "id": "navbarColor01",
          },
          "ref": null,
          "rendered": Object {
            "instance": null,
            "key": undefined,
            "nodeType": "host",
            "props": Object {
              "children": Array [
                <li
                  className="nav-item"
                >
                  <Link
                    className="nav-link"
                    replace={false}
                    to="/login"
                  >
                    Login
                  </Link>
                </li>,
                <li
                  className="nav-item"
                >
                  <Link
                    className="nav-link"
                    replace={false}
                    to="/register"
                  >
                    Register
                  </Link>
                </li>,
              ],
              "className": "navbar-nav ml-auto",
            },
            "ref": null,
            "rendered": Array [
              Object {
                "instance": null,
                "key": undefined,
                "nodeType": "host",
                "props": Object {
                  "children": <Link
                    className="nav-link"
                    replace={false}
                    to="/login"
                  >
                    Login
                  </Link>,
                  "className": "nav-item",
                },
                "ref": null,
                "rendered": Object {
                  "instance": null,
                  "key": undefined,
                  "nodeType": "class",
                  "props": Object {
                    "children": "Login",
                    "className": "nav-link",
                    "replace": false,
                    "to": "/login",
                  },
                  "ref": null,
                  "rendered": "Login",
                  "type": [Function],
                },
                "type": "li",
              },
              Object {
                "instance": null,
                "key": undefined,
                "nodeType": "host",
                "props": Object {
                  "children": <Link
                    className="nav-link"
                    replace={false}
                    to="/register"
                  >
                    Register
                  </Link>,
                  "className": "nav-item",
                },
                "ref": null,
                "rendered": Object {
                  "instance": null,
                  "key": undefined,
                  "nodeType": "class",
                  "props": Object {
                    "children": "Register",
                    "className": "nav-link",
                    "replace": false,
                    "to": "/register",
                  },
                  "ref": null,
                  "rendered": "Register",
                  "type": [Function],
                },
                "type": "li",
              },
            ],
            "type": "ul",
          },
          "type": "div",
        },
      ],
      "type": "nav",
    },
  ],
  Symbol(enzyme.__options__): Object {
    "adapter": ReactSixteenAdapter {
      "options": Object {
        "enableComponentDidUpdateOnSetState": true,
        "lifecycles": Object {
          "componentDidUpdate": Object {
            "onSetState": true,
          },
          "getDerivedStateFromProps": true,
          "getSnapshotBeforeUpdate": true,
          "setState": Object {
            "skipsComponentDidUpdateOnNullish": true,
          },
        },
      },
    },
  },
}
`;
